@source:raiden2.cpp
raiden2                         // (c) 1993 Seibu Kaihatsu + Fabtek license
raiden2dx                       // (c) 1993 Seibu Kaihatsu
raiden2e                        // (c) 1993 Seibu Kaihatsu
raiden2ea                       // (c) 1993 Seibu Kaihatsu
raiden2eg                       // (c) 1993 Seibu Kaihatsu + Tuning license
raiden2eu                       // (c) 1993 Seibu Kaihatsu + Fabtek license
raiden2eua                      // (c) 1993 Seibu Kaihatsu + Fabtek license
raiden2f                        // (c) 1993 Seibu Kaihatsu
raiden2g                        // (c) 1993 Seibu Kaihatsu + Tuning license
raiden2hk                       // (c) 1993 Seibu Kaihatsu + Metrotainment license
raiden2i                        // (c) 1993 Seibu Kaihatsu
raiden2j                        // (c) 1993 Seibu Kaihatsu
raiden2k                        // (c) 1993 Seibu Kaihatsu
raiden2nl                       // (c) 1993 Seibu Kaihatsu
raiden2sw                       // (c) 1993 Seibu Kaihats
raiden2u                        // (c) 1993 Seibu Kaihatsu + Fabtek license
raidendx                        // (c) 1994 Seibu Kaihatsu
raidendxa1                      // (c) 1994 Seibu Kaihatsu + Metrotainment license
raidendxa2                      // (c) 1994 Seibu Kaihatsu + Metrotainment license
raidendxch                      //
raidendxg                       // (c) 1994 Seibu Kaihatsu + Tuning license
raidendxj                       // (c) 1994 Seibu Kaihatsu
raidendxja                      // (c) 1994 Seibu Kaihatsu
raidendxk                       // (c) 1994 Seibu Kaihatsu
raidendxnl                      // (c) 1994 Seibu Kaihatsu
raidendxpt                      // (c) 1994 Seibu Kaihatsu
raidendxu                       // (c) 1994 Seibu Kaihatsu + Fabtek license
xsedae                          // (c) 1995 Dream Island
zeroteam                        // (c) 1993 Seibu Kaihatsu + Fabtek license
zeroteama                       // (c) 1993 Seibu Kaihatsu
zeroteamb                       // (c) 1993 Seibu Kaihatsu
zeroteamc                       // (c) 1993 Seibu Kaihatsu + Liang Hwa license
zeroteamd                       // (c) 1993 Seibu Kaihatsu + Dreamsoft license
zeroteams                       // (c) 1993 Seibu Kaihatsu
zeroteamsr                      // (c) 1993 Seibu Kaihatsu
