@source:toaplan1.cpp
demonwld                        // TP-O16 (c) 1990 Toaplan (+ Taito license when set to Japan)
demonwld1                       // TP-O16 (c) 1989 Toaplan + Taito license
demonwld2                       // TP-O16 (c) 1989 Toaplan
demonwld3                       // TP-O16 (c) 1989 Toaplan
demonwld4                       // TP-O16 (c) 1989 Toaplan
fireshrk                        // TP-O17 (c) 1990 Toaplan
fireshrka                       // TP-O17 (c) 1989 Toaplan
fireshrkd                       // TP-O17 (c) 1990 Toaplan
fireshrkdh                      // TP-O17 (c) 1990 Toaplan
hellfire                        // B90 / TP-??? (c) 1989 Toaplan + Taito license
hellfire1                       // B90 / TP-??? (c) 1989 Toaplan + Taito license
hellfire1a                      // B90 / TP-??? (c) 1989 Toaplan + Taito license
hellfire2a                      // B90 / TP-??? (c) 1989 Toaplan + Taito license
outzone                         // TP-O18 (c) 1990 Toaplan
outzonea                        // TP-O18 (c) 1990 Toaplan
outzoneb                        // TP-O18 (c) 1990 Toaplan
outzonec                        // TP-O18 (c) 1990 Toaplan
outzoneh                        // TP-O18 (c) 1990 Toaplan
outzonecv                       // TP-O18 (c) 1990 Toaplan (TP-015 conversion)
rallybik                        // B45 / TP-O12 (c) 1988 Taito
samesame                        // TP-O17 (c) 1989 Toaplan
samesame2                       // TP-O17 (c) 1989 Toaplan
samesamecn                      // TP-O17 (c) 1990 Toaplan
samesamenh                      // hack
truxton                         // B65 / TP-O13B (c) 1988 Taito
vimana                          // TP-O19 (c) 1991 Toaplan (+ Tecmo license when set to Japan)
vimanaj                         // TP-O19 (c) 1991 Toaplan (+ Tecmo license when set to Japan)
vimanan                         // TP-O19 (c) 1991 Toaplan (+ Nova Apparate GmbH & Co license)
zerowing                        // TP-O15 (c) 1989 Toaplan
zerowing1                       // TP-O15 (c) 1989 Toaplan
zerowingw                       // TP-O15 (c) 1989 Williams Electronics
