@source:toaplan2.cpp
batrider                        // (c) 1998 Raizing/8ing
batriderc                       // (c) 1998 Raizing/8ing
batriderhk                      // (c) 1998 Raizing/8ing
batriderj                       // (c) 1998 Raizing/8ing
batriderja                      // (c) 1998 Raizing/8ing
batriderk                       // (c) 1998 Raizing/8ing
batridert                       // (c) 1998 Raizing/8ing
batrideru                       // (c) 1998 Raizing/8ing
batsugun                        // TP-030 (c) 1993 Toaplan
batsuguna                       // TP-030 (c) 1993 Toaplan
batsugunb                       //
batsugunsp                      // TP-030 (c) 1993 Toaplan
bbakraid                        // (c) 1999 8ing
bbakraidc                       // (c) 1999 8ing
bbakraidj                       // (c) 1999 8ing
bbakraidja                      // (c) 1999 8ing
bgaregga                        // (c) 1996 Raizing/8ing
bgareggabl                      // hack
bgareggabla                     // hack
bgareggacn                      // (c) 1996 Raizing/8ing
bgareggahk                      // (c) 1996 Raizing/8ing
bgaregganv                      // (c) 1996 Raizing/8ing
bgareggat2                      // (c) 1996 Raizing/8ing
bgareggatw                      // (c) 1996 Raizing/8ing
dogyuun                         // TP-022 (c) 1992 Toaplan
dogyuuna                        // TP-022 (c) 1992 Toaplan
dogyuunt                        // TP-022 (c) 1992 Toaplan
fixeight                        // TP-026 (c) 1992 + Taito license
fixeighta                       // TP-026 (c) 1992 + Taito license
fixeightat                      // TP-026 (c) 1992 + Taito license
fixeightbl                      // bootleg
fixeighth                       // TP-026 (c) 1992 + Taito license
fixeightht                      // TP-026 (c) 1992 + Taito license
fixeightj                       // TP-026 (c) 1992 + Taito license
fixeightjt                      // TP-026 (c) 1992 + Taito license
fixeightk                       // TP-026 (c) 1992 + Taito license
fixeightkt                      // TP-026 (c) 1992 + Taito license
fixeightt                       // TP-026 (c) 1992 + Taito license
fixeighttw                      // TP-026 (c) 1992 + Taito license
fixeighttwt                     // TP-026 (c) 1992 + Taito license
fixeightu                       // TP-026 (c) 1992 + Taito license
fixeightut                      // TP-026 (c) 1992 + Taito license
ghox                            // TP-021 (c) 1991 Toaplan
ghoxj                           // TP-021 (c) 1991 Toaplan
ghoxjo                          // TP-021 (c) 1991 Toaplan
grindstm                        // TP-027 (c) 1993 Toaplan + Unite Trading license (Korea)
grindstma                       // TP-027 (c) 1993 Toaplan + Unite Trading license (Korea)
kbash                           // TP-023 (c) 1993 Toaplan
kbash2                          // bootleg
kbashk                          // TP-023 (c) 1993 Toaplan
kingdmgp                        // (c) 1994 Raizing/8ing
mahoudai                        // (c) 1993 Raizing + Able license
othldrby                        // (c) 1995 Sunwise
pipibibs                        // TP-025
pipibibsa                       // TP-025
pipibibsbl                      // (c) 1991 Ryouta Kikaku (bootleg)
pipibibsp                       // TP-025
pwrkick                         // (c) 1994 Sunwise
shippumd                        // (c) 1994 Raizing/8ing
snowbro2                        // TP-033 (c) 1994 Hanafram
snowbro2b                       //
snowbro2b2                      //
sstriker                        // (c) 1993 Raizing
sstrikerk                       // (c) 1993 Raizing
tekipaki                        // TP-020 (c) 1991 Toaplan
tekipakit                       // TP-020 (c) 1991 Toaplan (location test)
truxton2                        // TP-024 (c) 1992 Toaplan
vfive                           // TP-027 (c) 1993 Toaplan (Japan)
whoopee                         // TP-025
enmadaio                        // TP-031
